--- FILE: base/config.yaml ---
# Redundant - Assets moved to volumes.yaml and Runtime Config


--- FILE: base/garage-deployment.yaml ---
apiVersion: apps/v1
kind: Deployment
metadata:
  name: garage
spec:
  replicas: 1
  strategy:
    type: Recreate
  selector:
    matchLabels:
      app: garage
  template:
    metadata:
      labels:
        app: garage
    spec:
      containers:
        - name: garage
          image: dxflrs/garage:v2.1.0
          args: ["/garage", "server"]
          env:
            - name: GARAGE_RPC_SECRET
              value: "3e8d49cdaecefd63e56dc6d2f791cb60f856cd7471555b038bde1ac0751682a8"
          ports:
            - name: s3
              containerPort: 3900
            - name: web
              containerPort: 3902
            - name: admin
              containerPort: 3903
          volumeMounts:
            - name: config
              mountPath: /etc/garage.toml
              subPath: garage.toml
            - name: garage-data
              mountPath: /data
      volumes:
        - name: config
          configMap:
            name: garage-config
        - name: garage-data
          persistentVolumeClaim:
            claimName: garage-test-garage-pvc
---
apiVersion: v1
kind: ConfigMap
metadata:
  name: garage-config
data:
  garage.toml: |
    metadata_dir = "/data/meta"
    data_dir = "/data/data"
    rpc_bind_addr = "[::]:3901"
    rpc_secret = "3e8d49cdaecefd63e56dc6d2f791cb60f856cd7471555b038bde1ac0751682a8"

    # Replication settings for v2.x (1 = single node local dev)
    replication_factor = 1

    [s3_api]
    s3_region = "us-east-1"
    api_bind_addr = "[::]:3900"
    root_domain = ".s3.garage-test.kube"

    [s3_web]
    bind_addr = "[::]:3902"
    root_domain = ".s3.garage-test.kube"
    index = "index.html"

    [admin]
    api_bind_addr = "0.0.0.0:3903"
---
apiVersion: v1
kind: Service
metadata:
  name: garage
spec:
  selector:
    app: garage
  ports:
    - name: s3
      protocol: TCP
      port: 3900
      targetPort: 3900
    - name: web
      protocol: TCP
      port: 3902
      targetPort: 3902
    - name: admin
      protocol: TCP
      port: 3903
      targetPort: 3903
  type: ClusterIP


--- FILE: base/kustomization.yaml ---
apiVersion: kustomize.config.k8s.io/v1beta1
kind: Kustomization

resources:
  - garage-deployment.yaml
  - laravel.yaml


--- FILE: base/laravel.yaml ---
---

apiVersion: apps/v1
kind: Deployment
metadata:
  name: web
spec:
  replicas: 1
  strategy:
    type: Recreate
  selector:
    matchLabels:
      app: web
  template:
    metadata:
      labels:
        app: web
    spec:
      # The app runs as www-data; mounted PVCs (storage/, bootstrap/cache) come up
      # root-owned on real block storage (e.g. DOKS do-block-storage), so without
      # this they'd be read-only to the app. fsGroup makes the kubelet chown the
      # volume to this GID and add it to the container's supplementary groups, so
      # www-data can write. Harmless on k3s local-path (VPS), so it's identical
      # across VPS and managed clusters.
      securityContext:
        fsGroup: 33
      containers:
        - name: php
          image: garage-test:latest
          imagePullPolicy: IfNotPresent
          args: []
          ports:
            - containerPort: 8080
          env:
            - name: AUTORUN_ENABLED
              value: "true"
            - name: AUTORUN_LARAVEL_MIGRATION
              value: "true"
          resources:
            requests:
              cpu: "50m"
              memory: "128Mi"
            limits:
              cpu: "1"
              memory: "1Gi"
          envFrom:
            - configMapRef:
                name: laravel-config
            - secretRef:
                name: laravel-secrets
          # Gate liveness/readiness behind startup so a slow first boot
          # (composer/artisan migrate before the server binds) can't be
          # SIGKILLed mid-flight. failureThreshold 30 x 10s = up to 5 min.
          startupProbe:
            httpGet:
              path: /up
              port: 8080
            periodSeconds: 10
            timeoutSeconds: 30
            failureThreshold: 30
          livenessProbe:
            httpGet:
              path: /up
              port: 8080
            initialDelaySeconds: 120
            periodSeconds: 60
            timeoutSeconds: 30
          readinessProbe:
            httpGet:
              path: /up
              port: 8080
            initialDelaySeconds: 30
            periodSeconds: 20
            timeoutSeconds: 30
          volumeMounts:
            - name: storage
              mountPath: /var/www/html/storage/logs
              subPath: logs
            - name: storage
              mountPath: /var/www/html/bootstrap/cache
              subPath: bootstrap/cache
            - name: storage
              mountPath: /var/www/html/storage/framework/sessions
              subPath: framework/sessions
            - name: storage
              mountPath: /var/www/html/storage/framework/views
              subPath: framework/views
            - name: storage
              mountPath: /var/www/html/storage/framework/cache
              subPath: framework/cache
            - name: storage
              mountPath: /var/www/html/storage/app/public
              subPath: app/public
            - name: data
              mountPath: /var/lib/larakube
      volumes:
        - name: storage
          persistentVolumeClaim:
            claimName: garage-test-laravel-storage-pvc
        - name: data
          persistentVolumeClaim:
            claimName: garage-test-laravel-data-pvc

---

apiVersion: v1
kind: Service
metadata:
  name: web
spec:
  selector:
    app: web
  ports:
    - protocol: TCP
      port: 80
      targetPort: 8080
  type: ClusterIP

---

apiVersion: networking.k8s.io/v1
kind: Ingress
metadata:
  name: web
  annotations:
    traefik.ingress.kubernetes.io/router.entrypoints: websecure
    traefik.ingress.kubernetes.io/router.tls: "true"
    traefik.ingress.kubernetes.io/service.serversscheme: http
spec:
  rules:
    - host: garage-test.kube
      http:
        paths:
          - path: /
            pathType: Prefix
            backend:
              service:
                name: web
                port:
                  number: 80
  tls:
    - hosts:
        - garage-test.kube


--- FILE: overlays/local/app-volumes.yaml ---
apiVersion: v1
kind: PersistentVolumeClaim
metadata:
  name: garage-test-laravel-storage-pvc
spec:
  accessModes:
    - ReadWriteOnce
  resources:
    requests:
      storage: 1Gi
---

apiVersion: v1
kind: PersistentVolumeClaim
metadata:
  name: garage-test-laravel-data-pvc
spec:
  accessModes:
    - ReadWriteOnce
  resources:
    requests:
      storage: 1Gi


--- FILE: overlays/local/config-patch.yaml ---
# Managed by LaraKube CLI (Runtime Injection)


--- FILE: overlays/local/garage-ingress.yaml ---
apiVersion: networking.k8s.io/v1
kind: Ingress
metadata:
  name: garage
  annotations:
    traefik.ingress.kubernetes.io/router.entrypoints: websecure
    traefik.ingress.kubernetes.io/router.tls: "true"
spec:
  rules:
    - host: s3.garage-test.kube
      http:
        paths:
          - path: /
            pathType: Prefix
            backend:
              service:
                name: garage
                port:
                  number: 3900
    - host: s3-web.garage-test.kube
      http:
        paths:
          - path: /
            pathType: Prefix
            backend:
              service:
                name: garage
                port:
                  number: 3902
  tls:
    - hosts:
        - s3.garage-test.kube
        - s3-web.garage-test.kube


--- FILE: overlays/local/garage-volumes.yaml ---
apiVersion: v1
kind: PersistentVolume
metadata:
  name: garage-test-garage-pv
  labels:
    larakube-project: garage-test
spec:
  capacity:
    storage: 5Gi
  accessModes:
    - ReadWriteOnce
  persistentVolumeReclaimPolicy: Retain
  storageClassName: ""
  hostPath:
    path: /STABLE_TEST_PATH/.infrastructure/volume_data/garage
    type: DirectoryOrCreate
---
apiVersion: v1
kind: PersistentVolumeClaim
metadata:
  name: garage-test-garage-pvc
spec:
  accessModes:
    - ReadWriteOnce
  storageClassName: ""
  volumeName: garage-test-garage-pv
  resources:
    requests:
      storage: 5Gi


--- FILE: overlays/local/infrastructure.yaml ---
apiVersion: v1
kind: Namespace
metadata:
  name: garage-test-local
  labels:
    larakube.io/project: garage-test
    larakube.io/managed-by: larakube

---

apiVersion: v1
kind: PersistentVolume
metadata:
  name: garage-test-laravel-storage-pv
  labels:
    larakube-project: garage-test
spec:
  capacity:
    storage: 1Gi
  accessModes:
    - ReadWriteOnce
  persistentVolumeReclaimPolicy: Retain
  storageClassName: ""
  hostPath:
    path: "/STABLE_TEST_PATH/storage"
    type: DirectoryOrCreate
---
apiVersion: v1
kind: PersistentVolume
metadata:
  name: garage-test-laravel-data-pv
  labels:
    larakube-project: garage-test
spec:
  capacity:
    storage: 1Gi
  accessModes:
    - ReadWriteOnce
  persistentVolumeReclaimPolicy: Retain
  storageClassName: ""
  hostPath:
    path: "/STABLE_TEST_PATH/.infrastructure/volume_data"
    type: DirectoryOrCreate


--- FILE: overlays/local/kustomization.yaml ---
apiVersion: kustomize.config.k8s.io/v1beta1
kind: Kustomization

namespace: garage-test-local

resources:
  - app-volumes.yaml
  - garage-ingress.yaml
  - garage-volumes.yaml
  - ../../base
  - infrastructure.yaml
  - config-patch.yaml

patches:
  - path: patches.yaml

images:
  - name: garage-test:latest
    newName: garage-test
    newTag: local


--- FILE: overlays/local/patches.yaml ---
---
apiVersion: apps/v1
kind: Deployment
metadata:
  name: web
spec:
  template:
    spec:
      containers:
        - name: php
          imagePullPolicy: IfNotPresent
          # Local dev: service connection vars (DB_*, REDIS_*, etc.) come from
          # ConfigMap/Secret via envFrom; everything else reads from .env
          # mounted on the hostPath. .env edits are live without larakube up.
          # Explicit env entries override Kubernetes service discovery auto-injection.
          envFrom:
            - configMapRef:
                name: laravel-config
            - secretRef:
                name: laravel-secrets
          env:
            # Override Kubernetes auto-injected service discovery vars with ConfigMap values.
            # (Explicit env takes precedence over envFrom, which takes precedence over service links)
            - name: REDIS_PORT
              valueFrom:
                configMapKeyRef:
                  name: laravel-config
                  key: REDIS_PORT
                  optional: true
            - name: DB_PORT
              valueFrom:
                configMapKeyRef:
                  name: laravel-config
                  key: DB_PORT
                  optional: true
            # Skip all SSU on-startup caching in local dev. Caching freezes
            # pod env vars (DB_CONNECTION=pgsql, etc.) into bootstrap/cache/*.php
            # files that win over process env, silently breaking test-time
            # overrides and hiding .env edits until pod restart. We disable:
            #   - the umbrella `optimize` command (older SSU images)
            #   - the granular individual cache commands (newer SSU images
            #     split optimize into separate steps; we cover both shapes)
            # Production keeps the defaults (true) for performance.
            - name: AUTORUN_LARAVEL_OPTIMIZE
              value: "false"
            - name: AUTORUN_LARAVEL_CONFIG_CACHE
              value: "false"
            - name: AUTORUN_LARAVEL_ROUTE_CACHE
              value: "false"
            - name: AUTORUN_LARAVEL_VIEW_CACHE
              value: "false"
            - name: AUTORUN_LARAVEL_EVENT_CACHE
              value: "false"
          volumeMounts:
            - name: code
              mountPath: /var/www/html
            - name: storage
              mountPath: /var/www/html/storage/logs
              subPath: logs
            - name: storage
              mountPath: /var/www/html/bootstrap/cache
              subPath: bootstrap/cache
            - name: storage
              mountPath: /var/www/html/storage/framework/sessions
              subPath: framework/sessions
            - name: storage
              mountPath: /var/www/html/storage/framework/views
              subPath: framework/views
            - name: storage
              mountPath: /var/www/html/storage/framework/cache
              subPath: framework/cache
            - name: storage
              mountPath: /var/www/html/storage/app/public
              subPath: app/public
            - name: data
              mountPath: /var/lib/larakube
      volumes:
        - name: code
          hostPath:
            path: "/STABLE_TEST_PATH"
            type: Directory
        - name: storage
          persistentVolumeClaim:
            claimName: garage-test-laravel-storage-pvc
        - name: data
          persistentVolumeClaim:
            claimName: garage-test-laravel-data-pvc

---

apiVersion: networking.k8s.io/v1
kind: Ingress
metadata:
  name: web
  annotations:
    cert-manager.io/cluster-issuer: null
spec:
  tls:
    - hosts:
        - garage-test.kube


--- FILE: overlays/production/app-volumes.yaml ---
apiVersion: v1
kind: PersistentVolumeClaim
metadata:
  name: garage-test-laravel-storage-pvc
spec:
  accessModes:
    - ReadWriteOnce
  resources:
    requests:
      storage: 1Gi
---

apiVersion: v1
kind: PersistentVolumeClaim
metadata:
  name: garage-test-laravel-data-pvc
spec:
  accessModes:
    - ReadWriteOnce
  resources:
    requests:
      storage: 1Gi


--- FILE: overlays/production/config-patch.yaml ---
# Managed by LaraKube CLI (Runtime Injection)


--- FILE: overlays/production/deployment-patch.yaml ---
apiVersion: apps/v1
kind: Deployment
metadata:
  name: web
spec:
  
  replicas: 1
  template:
    spec:
      containers:
        - name: php
          imagePullPolicy: IfNotPresent
          resources:
            requests:
              cpu: "50m"
              memory: "128Mi"
            limits:
              cpu: "1"
              memory: "1Gi"
      imagePullSecrets:
        - name: ghcr-login

      initContainers:
        - name: wait-for-deps
          image: garage-test:latest

          command: ["sh", "-c", "true"]


--- FILE: overlays/production/garage-volumes.yaml ---
apiVersion: v1
kind: PersistentVolumeClaim
metadata:
  name: garage-test-garage-pvc
spec:
  accessModes:
    - ReadWriteOnce
  resources:
    requests:
      storage: 5Gi


--- FILE: overlays/production/ingress-patch.yaml ---
apiVersion: networking.k8s.io/v1
kind: Ingress
metadata:
  name: web
  annotations:
    traefik.ingress.kubernetes.io/router.tls: "true"
    traefik.ingress.kubernetes.io/router.tls.certresolver: letsencrypt
spec:
  rules:
    - host: garage-test.kube
      http:
        paths:
          - path: /
            pathType: Prefix
            backend:
              service:
                name: web
                port:
                  number: 80
  tls:
    - hosts:
        - garage-test.kube
      secretName: garage-test-tls


--- FILE: overlays/production/kustomization.yaml ---
apiVersion: kustomize.config.k8s.io/v1beta1
kind: Kustomization

namespace: garage-test-production

resources:
  - app-volumes.yaml
  - garage-volumes.yaml
  - ../../base
  - namespace.yaml
  - config-patch.yaml

# Add production-specific patches here
patches:
  - path: ingress-patch.yaml
  - path: deployment-patch.yaml

images:
  - name: garage-test:latest
    newName: garage-test
    newTag: production-latest


--- FILE: overlays/production/namespace.yaml ---
apiVersion: v1
kind: Namespace
metadata:
  name: garage-test-production


