--- FILE: base/config.yaml ---
# Redundant - Assets moved to volumes.yaml and Runtime Config


--- FILE: base/kustomization.yaml ---
apiVersion: kustomize.config.k8s.io/v1beta1
kind: Kustomization

resources:
  - postgres-deployment.yaml
  - laravel.yaml
  - volumes.yaml


--- FILE: base/laravel.yaml ---
---

apiVersion: apps/v1
kind: Deployment
metadata:
  name: web
spec:
  replicas: 1
  strategy:
    type: Recreate
  selector:
    matchLabels:
      app: web
  template:
    metadata:
      labels:
        app: web
    spec:
      initContainers:
        - name: wait-for-deps
          image: postgres-test:latest
          imagePullPolicy: IfNotPresent
          command: ["sh", "-c", "until nc -z -v -w 1 postgres 5432; do echo 'Waiting for dependencies...'; sleep 2; done;"]
      containers:
        - name: php
          image: postgres-test:latest
          imagePullPolicy: IfNotPresent
          args: []
          ports:
            - containerPort: 8080
          env:
            - name: AUTORUN_ENABLED
              value: "true"
            - name: AUTORUN_LARAVEL_MIGRATION
              value: "true"
          envFrom:
            - configMapRef:
                name: laravel-config
            - secretRef:
                name: laravel-secrets
          livenessProbe:
            httpGet:
              path: /up
              port: 8080
            initialDelaySeconds: 60
            periodSeconds: 30
            timeoutSeconds: 5
          readinessProbe:
            httpGet:
              path: /up
              port: 8080
            initialDelaySeconds: 10
            periodSeconds: 10
            timeoutSeconds: 5
          volumeMounts:
            - name: storage
              mountPath: /var/www/html/storage/logs
              subPath: logs
            - name: storage
              mountPath: /var/www/html/bootstrap/cache
              subPath: bootstrap/cache
            - name: storage
              mountPath: /var/www/html/storage/framework/sessions
              subPath: framework/sessions
            - name: storage
              mountPath: /var/www/html/storage/framework/views
              subPath: framework/views
            - name: storage
              mountPath: /var/www/html/storage/framework/cache
              subPath: framework/cache
            - name: storage
              mountPath: /var/www/html/storage/app/public
              subPath: app/public
      volumes:
        - name: storage
          persistentVolumeClaim:
            claimName: postgres-test-laravel-storage-pvc

---

apiVersion: v1
kind: Service
metadata:
  name: web
spec:
  selector:
    app: web
  ports:
    - protocol: TCP
      port: 80
      targetPort: 8080
  type: ClusterIP

---

apiVersion: networking.k8s.io/v1
kind: Ingress
metadata:
  name: web
  annotations:
    traefik.ingress.kubernetes.io/router.entrypoints: websecure
    traefik.ingress.kubernetes.io/router.tls: "true"
    traefik.ingress.kubernetes.io/service.serversscheme: http
spec:
  rules:
    - host: postgres-test.dev.test
      http:
        paths:
          - path: /
            pathType: Prefix
            backend:
              service:
                name: web
                port:
                  number: 80
  tls:
    - hosts:
        - postgres-test.dev.test


--- FILE: base/postgres-deployment.yaml ---
apiVersion: apps/v1
kind: Deployment
metadata:
  name: postgres
spec:
  replicas: 1
  strategy:
    type: Recreate
  selector:
    matchLabels:
      app: postgres
  template:
    metadata:
      labels:
        app: postgres
    spec:
      containers:
        - name: postgres
          image: postgres:17.9
          ports:
            - containerPort: 5432
          env:
            - name: POSTGRES_DB
              valueFrom:
                configMapKeyRef:
                  name: laravel-config
                  key: DB_DATABASE
            - name: POSTGRES_USER
              valueFrom:
                configMapKeyRef:
                  name: laravel-config
                  key: DB_USERNAME
            - name: POSTGRES_PASSWORD
              valueFrom:
                secretKeyRef:
                  name: laravel-secrets
                  key: DB_PASSWORD
          readinessProbe:
            tcpSocket:
              port: 5432
            initialDelaySeconds: 5
            periodSeconds: 10
          livenessProbe:
            tcpSocket:
              port: 5432
            initialDelaySeconds: 15
            periodSeconds: 20
          volumeMounts:
            - name: db-data
              mountPath: /var/lib/postgresql/data
      volumes:
        - name: db-data
          persistentVolumeClaim:
            claimName: postgres-test-postgres-pvc
---
apiVersion: v1
kind: Service
metadata:
  name: postgres
spec:
  selector:
    app: postgres
  ports:
    - protocol: TCP
      port: 5432
      targetPort: 5432
  type: ClusterIP


--- FILE: base/volumes.yaml ---
apiVersion: v1
kind: PersistentVolumeClaim
metadata:
  name: postgres-test-laravel-storage-pvc
spec:
  accessModes:
    - ReadWriteOnce
  resources:
    requests:
      storage: 1Gi
---
apiVersion: v1
kind: PersistentVolumeClaim
metadata:
  name: postgres-test-laravel-data-pvc
spec:
  accessModes:
    - ReadWriteOnce
  resources:
    requests:
      storage: 1Gi


--- FILE: overlays/local/config-patch.yaml ---
# Managed by LaraKube CLI (Runtime Injection)


--- FILE: overlays/local/infrastructure.yaml ---
apiVersion: v1
kind: Namespace
metadata:
  name: postgres-test-local
  labels:
    larakube.io/project: postgres-test
    larakube.io/managed-by: larakube

---

apiVersion: v1
kind: PersistentVolume
metadata:
  name: postgres-test-laravel-storage-pv
  labels:
    larakube-project: postgres-test
spec:
  capacity:
    storage: 1Gi
  accessModes:
    - ReadWriteOnce
  persistentVolumeReclaimPolicy: Retain
  storageClassName: ""
  hostPath:
    path: "/STABLE_TEST_PATH/storage"
    type: DirectoryOrCreate


--- FILE: overlays/local/kustomization.yaml ---
apiVersion: kustomize.config.k8s.io/v1beta1
kind: Kustomization

namespace: postgres-test-local

resources:
  - postgres-companion-ingress.yaml
  - postgres-companion.yaml
  - postgres-volumes.yaml
  - ../../base
  - infrastructure.yaml
  - config-patch.yaml

patches:
  - path: postgres-patch.yaml
  - path: patches.yaml


--- FILE: overlays/local/patches.yaml ---
---
apiVersion: apps/v1
kind: Deployment
metadata:
  name: web
spec:
  template:
    spec:
      containers:
        - name: php
          imagePullPolicy: IfNotPresent
          volumeMounts:
            - name: code
              mountPath: /var/www/html
            - name: storage
              mountPath: /var/www/html/storage/logs
              subPath: logs
            - name: storage
              mountPath: /var/www/html/bootstrap/cache
              subPath: bootstrap/cache
            - name: storage
              mountPath: /var/www/html/storage/framework/sessions
              subPath: framework/sessions
            - name: storage
              mountPath: /var/www/html/storage/framework/views
              subPath: framework/views
            - name: storage
              mountPath: /var/www/html/storage/framework/cache
              subPath: framework/cache
            - name: storage
              mountPath: /var/www/html/storage/app/public
              subPath: app/public
      volumes:
        - name: code
          hostPath:
            path: "/STABLE_TEST_PATH"
            type: Directory
        - name: storage
          persistentVolumeClaim:
            claimName: postgres-test-laravel-storage-pvc

---

apiVersion: v1
kind: PersistentVolumeClaim
metadata:
  name: postgres-test-laravel-storage-pvc
spec:
  accessModes:
    - ReadWriteOnce

---

apiVersion: networking.k8s.io/v1
kind: Ingress
metadata:
  name: web
  annotations:
    cert-manager.io/cluster-issuer: null
spec:
  tls:
    - hosts:
        - postgres-test.dev.test


--- FILE: overlays/local/postgres-companion-ingress.yaml ---
apiVersion: networking.k8s.io/v1
kind: Ingress
metadata:
  name: postgres-companion
  annotations:
    traefik.ingress.kubernetes.io/router.entrypoints: websecure
    traefik.ingress.kubernetes.io/router.tls: "true"
spec:
  rules:
    - host: postgres-postgres-test.dev.test
      http:
        paths:
          - path: /
            pathType: Prefix
            backend:
              service:
                name: postgres-companion
                port:
                  number: 80
  tls:
    - hosts:
        - postgres-postgres-test.dev.test


--- FILE: overlays/local/postgres-companion.yaml ---
apiVersion: apps/v1
kind: Deployment
metadata:
  name: postgres-companion
spec:
  replicas: 1
  selector:
    matchLabels:
      app: postgres-companion
  template:
    metadata:
      labels:
        app: postgres-companion
    spec:
      containers:
        - name: companion
          image: adminer:latest
          ports:
            - containerPort: 8080
          env:
            - name: ADMINER_DEFAULT_SERVER
              value: postgres
---
apiVersion: v1
kind: Service
metadata:
  name: postgres-companion
spec:
  selector:
    app: postgres-companion
  ports:
    - protocol: TCP
      port: 80
      targetPort: 8080
  type: ClusterIP


--- FILE: overlays/local/postgres-patch.yaml ---
apiVersion: apps/v1
kind: Deployment
metadata:
  name: postgres
spec:
  template:
    spec:
      volumes:
        - name: db-data
          persistentVolumeClaim:
            claimName: postgres-test-postgres-pvc


--- FILE: overlays/local/postgres-volumes.yaml ---
apiVersion: v1
kind: PersistentVolume
metadata:
  name: postgres-test-postgres-pv
  labels:
    larakube-project: postgres-test
spec:
  capacity:
    storage: 1Gi
  accessModes:
    - ReadWriteOnce
  persistentVolumeReclaimPolicy: Retain
  storageClassName: ""
  hostPath:
    path: /STABLE_TEST_PATH/.infrastructure/volume_data/postgres
    type: DirectoryOrCreate
---
apiVersion: v1
kind: PersistentVolumeClaim
metadata:
  name: postgres-test-postgres-pvc
spec:
  accessModes:
    - ReadWriteOnce
  storageClassName: ""
  volumeName: postgres-test-postgres-pv
  resources:
    requests:
      storage: 1Gi


--- FILE: overlays/local/pvc-patch.yaml ---
apiVersion: v1
kind: PersistentVolumeClaim
metadata:
  name: postgres-test-laravel-storage-pvc
spec:
  accessModes:
    - ReadWriteOnce


--- FILE: overlays/production/config-patch.yaml ---
# Managed by LaraKube CLI (Runtime Injection)


--- FILE: overlays/production/deployment-patch.yaml ---
apiVersion: apps/v1
kind: Deployment
metadata:
  name: web
spec:
  replicas: 1
  template:
    spec:
      containers:
        - name: php
          imagePullPolicy: Always
      imagePullSecrets:
        - name: ghcr-login


--- FILE: overlays/production/ingress-patch.yaml ---
apiVersion: networking.k8s.io/v1
kind: Ingress
metadata:
  name: web
  annotations:
    traefik.ingress.kubernetes.io/router.tls: "true"
    traefik.ingress.kubernetes.io/router.tls.certresolver: letsencrypt
spec:
  rules:
    - host: postgres-test.dev.test
      http:
        paths:
          - path: /
            pathType: Prefix
            backend:
              service:
                name: web
                port:
                  number: 80
  tls:
    - hosts:
        - postgres-test.dev.test
      secretName: postgres-test-tls


--- FILE: overlays/production/kustomization.yaml ---
apiVersion: kustomize.config.k8s.io/v1beta1
kind: Kustomization

namespace: postgres-test-production

resources:
  - postgres-volumes.yaml
  - ../../base
  - namespace.yaml
  - config-patch.yaml

# Add production-specific patches here
patches:
  - path: ingress-patch.yaml
  - path: deployment-patch.yaml


--- FILE: overlays/production/namespace.yaml ---
apiVersion: v1
kind: Namespace
metadata:
  name: postgres-test-production


--- FILE: overlays/production/postgres-volumes.yaml ---
apiVersion: v1
kind: PersistentVolume
metadata:
  name: postgres-test-postgres-pv
  labels:
    larakube-project: postgres-test
spec:
  capacity:
    storage: 1Gi
  accessModes:
    - ReadWriteOnce
  persistentVolumeReclaimPolicy: Retain
  storageClassName: ""
  hostPath:
    path: /STABLE_TEST_PATH/.infrastructure/volume_data/postgres
    type: DirectoryOrCreate
---
apiVersion: v1
kind: PersistentVolumeClaim
metadata:
  name: postgres-test-postgres-pvc
spec:
  accessModes:
    - ReadWriteOnce
  storageClassName: ""
  volumeName: postgres-test-postgres-pv
  resources:
    requests:
      storage: 1Gi


