--- FILE: base/config.yaml ---
# Redundant - Assets moved to volumes.yaml and Runtime Config


--- FILE: base/kustomization.yaml ---
apiVersion: kustomize.config.k8s.io/v1beta1
kind: Kustomization

resources:
  - postgres-deployment.yaml
  - laravel.yaml


--- FILE: base/laravel.yaml ---
---

apiVersion: apps/v1
kind: Deployment
metadata:
  name: web
spec:
  replicas: 1
  strategy:
    type: Recreate
  selector:
    matchLabels:
      app: web
  template:
    metadata:
      labels:
        app: web
    spec:
      # The app runs as www-data; mounted PVCs (storage/, bootstrap/cache) come up
      # root-owned on real block storage (e.g. DOKS do-block-storage), so without
      # this they'd be read-only to the app. fsGroup makes the kubelet chown the
      # volume to this GID and add it to the container's supplementary groups, so
      # www-data can write. Harmless on k3s local-path (VPS), so it's identical
      # across VPS and managed clusters.
      securityContext:
        fsGroup: 33
      initContainers:
        - name: wait-for-deps
          image: franken-postgres:latest
          imagePullPolicy: IfNotPresent
          command: ["sh", "-c", "until nc -z -v -w 1 postgres 5432; do echo 'Waiting for dependencies...'; sleep 2; done;"]
      containers:
        - name: php
          image: franken-postgres:latest
          imagePullPolicy: IfNotPresent
          args: ["php", "artisan", "octane:start", "--server=frankenphp", "--port=8080", "--host=0.0.0.0"]
          ports:
            - containerPort: 8080
          env:
            - name: AUTORUN_ENABLED
              value: "true"
            - name: AUTORUN_LARAVEL_MIGRATION
              value: "true"
          resources:
            requests:
              cpu: "50m"
              memory: "128Mi"
            limits:
              cpu: "1"
              memory: "1Gi"
          envFrom:
            - configMapRef:
                name: laravel-config
            - secretRef:
                name: laravel-secrets
          # Gate liveness/readiness behind startup so a slow first boot
          # (composer/artisan migrate before the server binds) can't be
          # SIGKILLed mid-flight. failureThreshold 30 x 10s = up to 5 min.
          startupProbe:
            httpGet:
              path: /up
              port: 8080
            periodSeconds: 10
            timeoutSeconds: 30
            failureThreshold: 30
          livenessProbe:
            httpGet:
              path: /up
              port: 8080
            initialDelaySeconds: 120
            periodSeconds: 60
            timeoutSeconds: 30
          readinessProbe:
            httpGet:
              path: /up
              port: 8080
            initialDelaySeconds: 30
            periodSeconds: 20
            timeoutSeconds: 30
          volumeMounts:
            - name: storage
              mountPath: /var/www/html/storage/logs
              subPath: logs
            - name: storage
              mountPath: /var/www/html/bootstrap/cache
              subPath: bootstrap/cache
            - name: storage
              mountPath: /var/www/html/storage/framework/sessions
              subPath: framework/sessions
            - name: storage
              mountPath: /var/www/html/storage/framework/views
              subPath: framework/views
            - name: storage
              mountPath: /var/www/html/storage/framework/cache
              subPath: framework/cache
            - name: storage
              mountPath: /var/www/html/storage/app/public
              subPath: app/public
      volumes:
        - name: storage
          persistentVolumeClaim:
            claimName: franken-postgres-laravel-storage-pvc

---

apiVersion: v1
kind: Service
metadata:
  name: web
spec:
  selector:
    app: web
  ports:
    - protocol: TCP
      port: 80
      targetPort: 8080
  type: ClusterIP

---

apiVersion: networking.k8s.io/v1
kind: Ingress
metadata:
  name: web
  annotations:
    traefik.ingress.kubernetes.io/router.entrypoints: websecure
    traefik.ingress.kubernetes.io/router.tls: "true"
    traefik.ingress.kubernetes.io/service.serversscheme: http
spec:
  rules:
    - host: franken-postgres.kube
      http:
        paths:
          - path: /
            pathType: Prefix
            backend:
              service:
                name: web
                port:
                  number: 80
  tls:
    - hosts:
        - franken-postgres.kube


--- FILE: base/postgres-deployment.yaml ---
apiVersion: apps/v1
kind: Deployment
metadata:
  name: postgres
spec:
  replicas: 1
  strategy:
    type: Recreate
  selector:
    matchLabels:
      app: postgres
  template:
    metadata:
      labels:
        app: postgres
    spec:
      containers:
        - name: postgres
          image: postgres:17.9
          ports:
            - containerPort: 5432
          env:
            - name: POSTGRES_DB
              valueFrom:
                configMapKeyRef:
                  name: laravel-config
                  key: DB_DATABASE
            - name: POSTGRES_USER
              valueFrom:
                configMapKeyRef:
                  name: laravel-config
                  key: DB_USERNAME
            - name: POSTGRES_PASSWORD
              valueFrom:
                secretKeyRef:
                  name: laravel-secrets
                  key: DB_PASSWORD
          readinessProbe:
            tcpSocket:
              port: 5432
            initialDelaySeconds: 5
            periodSeconds: 10
          livenessProbe:
            tcpSocket:
              port: 5432
            initialDelaySeconds: 15
            periodSeconds: 20
          volumeMounts:
            - name: db-data
              mountPath: /var/lib/postgresql/data
      volumes:
        - name: db-data
          persistentVolumeClaim:
            claimName: franken-postgres-postgres-pvc
---
apiVersion: v1
kind: Service
metadata:
  name: postgres
spec:
  selector:
    app: postgres
  ports:
    - protocol: TCP
      port: 5432
      targetPort: 5432
  type: ClusterIP


--- FILE: overlays/local/app-volumes.yaml ---
apiVersion: v1
kind: PersistentVolumeClaim
metadata:
  name: franken-postgres-laravel-storage-pvc
spec:
  accessModes:
    - ReadWriteOnce
  resources:
    requests:
      storage: 1Gi
---

apiVersion: v1
kind: PersistentVolumeClaim
metadata:
  name: franken-postgres-laravel-data-pvc
spec:
  accessModes:
    - ReadWriteOnce
  resources:
    requests:
      storage: 1Gi


--- FILE: overlays/local/config-patch.yaml ---
# Managed by LaraKube CLI (Runtime Injection)


--- FILE: overlays/local/infrastructure.yaml ---
apiVersion: v1
kind: Namespace
metadata:
  name: franken-postgres-local
  labels:
    larakube.io/project: franken-postgres
    larakube.io/managed-by: larakube

---

apiVersion: v1
kind: PersistentVolume
metadata:
  name: franken-postgres-laravel-storage-pv
  labels:
    larakube-project: franken-postgres
spec:
  capacity:
    storage: 1Gi
  accessModes:
    - ReadWriteOnce
  persistentVolumeReclaimPolicy: Retain
  storageClassName: ""
  hostPath:
    path: "/STABLE_TEST_PATH/storage"
    type: DirectoryOrCreate


--- FILE: overlays/local/kustomization.yaml ---
apiVersion: kustomize.config.k8s.io/v1beta1
kind: Kustomization

namespace: franken-postgres-local

resources:
  - app-volumes.yaml
  - postgres-volumes.yaml
  - ../../base
  - infrastructure.yaml
  - config-patch.yaml

patches:
  - path: postgres-patch.yaml
  - path: patches.yaml

images:
  - name: franken-postgres:latest
    newName: franken-postgres
    newTag: local


--- FILE: overlays/local/patches.yaml ---
---
apiVersion: apps/v1
kind: Deployment
metadata:
  name: web
spec:
  template:
    spec:
      containers:
        - name: php
          imagePullPolicy: IfNotPresent
          # Local dev: service connection vars (DB_*, REDIS_*, etc.) come from
          # ConfigMap/Secret via envFrom; everything else reads from .env
          # mounted on the hostPath. .env edits are live without larakube up.
          # Explicit env entries override Kubernetes service discovery auto-injection.
          envFrom:
            - configMapRef:
                name: laravel-config
            - secretRef:
                name: laravel-secrets
          env:
            # Override Kubernetes auto-injected service discovery vars with ConfigMap values.
            # (Explicit env takes precedence over envFrom, which takes precedence over service links)
            - name: REDIS_PORT
              valueFrom:
                configMapKeyRef:
                  name: laravel-config
                  key: REDIS_PORT
                  optional: true
            - name: DB_PORT
              valueFrom:
                configMapKeyRef:
                  name: laravel-config
                  key: DB_PORT
                  optional: true
            # Skip all SSU on-startup caching in local dev. Caching freezes
            # pod env vars (DB_CONNECTION=pgsql, etc.) into bootstrap/cache/*.php
            # files that win over process env, silently breaking test-time
            # overrides and hiding .env edits until pod restart. We disable:
            #   - the umbrella `optimize` command (older SSU images)
            #   - the granular individual cache commands (newer SSU images
            #     split optimize into separate steps; we cover both shapes)
            # Production keeps the defaults (true) for performance.
            - name: AUTORUN_LARAVEL_OPTIMIZE
              value: "false"
            - name: AUTORUN_LARAVEL_CONFIG_CACHE
              value: "false"
            - name: AUTORUN_LARAVEL_ROUTE_CACHE
              value: "false"
            - name: AUTORUN_LARAVEL_VIEW_CACHE
              value: "false"
            - name: AUTORUN_LARAVEL_EVENT_CACHE
              value: "false"
          volumeMounts:
            - name: code
              mountPath: /var/www/html
            - name: storage
              mountPath: /var/www/html/storage/logs
              subPath: logs
            - name: storage
              mountPath: /var/www/html/bootstrap/cache
              subPath: bootstrap/cache
            - name: storage
              mountPath: /var/www/html/storage/framework/sessions
              subPath: framework/sessions
            - name: storage
              mountPath: /var/www/html/storage/framework/views
              subPath: framework/views
            - name: storage
              mountPath: /var/www/html/storage/framework/cache
              subPath: framework/cache
            - name: storage
              mountPath: /var/www/html/storage/app/public
              subPath: app/public
      volumes:
        - name: code
          hostPath:
            path: "/STABLE_TEST_PATH"
            type: Directory
        - name: storage
          persistentVolumeClaim:
            claimName: franken-postgres-laravel-storage-pvc

---

apiVersion: networking.k8s.io/v1
kind: Ingress
metadata:
  name: web
  annotations:
    cert-manager.io/cluster-issuer: null
spec:
  tls:
    - hosts:
        - franken-postgres.kube


--- FILE: overlays/local/postgres-patch.yaml ---
apiVersion: apps/v1
kind: Deployment
metadata:
  name: postgres
spec:
  template:
    spec:
      volumes:
        - name: db-data
          persistentVolumeClaim:
            claimName: franken-postgres-postgres-pvc


--- FILE: overlays/local/postgres-volumes.yaml ---
apiVersion: v1
kind: PersistentVolume
metadata:
  name: franken-postgres-postgres-pv
  labels:
    larakube-project: franken-postgres
spec:
  capacity:
    storage: 1Gi
  accessModes:
    - ReadWriteOnce
  persistentVolumeReclaimPolicy: Retain
  storageClassName: ""
  hostPath:
    path: /STABLE_TEST_PATH/.infrastructure/volume_data/postgres
    type: DirectoryOrCreate
---
apiVersion: v1
kind: PersistentVolumeClaim
metadata:
  name: franken-postgres-postgres-pvc
spec:
  accessModes:
    - ReadWriteOnce
  storageClassName: ""
  volumeName: franken-postgres-postgres-pv
  resources:
    requests:
      storage: 1Gi


--- FILE: overlays/production/app-volumes.yaml ---
apiVersion: v1
kind: PersistentVolumeClaim
metadata:
  name: franken-postgres-laravel-storage-pvc
spec:
  accessModes:
    - ReadWriteOnce
  resources:
    requests:
      storage: 1Gi
---

apiVersion: v1
kind: PersistentVolumeClaim
metadata:
  name: franken-postgres-laravel-data-pvc
spec:
  accessModes:
    - ReadWriteOnce
  resources:
    requests:
      storage: 1Gi


--- FILE: overlays/production/config-patch.yaml ---
# Managed by LaraKube CLI (Runtime Injection)


--- FILE: overlays/production/deployment-patch.yaml ---
apiVersion: apps/v1
kind: Deployment
metadata:
  name: web
spec:
  
  replicas: 1
  template:
    spec:
      containers:
        - name: php
          imagePullPolicy: IfNotPresent
          resources:
            requests:
              cpu: "50m"
              memory: "128Mi"
            limits:
              cpu: "1"
              memory: "1Gi"
      imagePullSecrets:
        - name: ghcr-login

      initContainers:
        - name: wait-for-deps
          image: franken-postgres:latest

          command: ["sh", "-c", "until nc -z -v -w 1 postgres 5432; do echo 'Waiting for dependencies...'; sleep 2; done;"]


--- FILE: overlays/production/ingress-patch.yaml ---
apiVersion: networking.k8s.io/v1
kind: Ingress
metadata:
  name: web
  annotations:
    traefik.ingress.kubernetes.io/router.tls: "true"
    traefik.ingress.kubernetes.io/router.tls.certresolver: letsencrypt
spec:
  rules:
    - host: franken-postgres.kube
      http:
        paths:
          - path: /
            pathType: Prefix
            backend:
              service:
                name: web
                port:
                  number: 80
  tls:
    - hosts:
        - franken-postgres.kube
      secretName: franken-postgres-tls


--- FILE: overlays/production/kustomization.yaml ---
apiVersion: kustomize.config.k8s.io/v1beta1
kind: Kustomization

namespace: franken-postgres-production

resources:
  - app-volumes.yaml
  - postgres-volumes.yaml
  - ../../base
  - namespace.yaml
  - config-patch.yaml

# Add production-specific patches here
patches:
  - path: ingress-patch.yaml
  - path: deployment-patch.yaml

images:
  - name: franken-postgres:latest
    newName: franken-postgres
    newTag: production-latest


--- FILE: overlays/production/namespace.yaml ---
apiVersion: v1
kind: Namespace
metadata:
  name: franken-postgres-production


--- FILE: overlays/production/postgres-volumes.yaml ---
apiVersion: v1
kind: PersistentVolumeClaim
metadata:
  name: franken-postgres-postgres-pvc
spec:
  accessModes:
    - ReadWriteOnce
  resources:
    requests:
      storage: 1Gi


